{
  "item_type": "leather_golden_chest",
  "item_id": "minecraft:golden_chestplate",
  "id": "minecraft:leather_golden_chest",
  "rarity": {
    "min_rarity": 0,
    "max_rarity": 2
  },
  "misc": {
    "weight": 1000,
    "can_be_salvaged": true
  },
  "unique": {
    "chance_to_become_unique": 0.25,
    "unique_id": ""
  }
}