{
  "item_type": "cloth_golden_boots",
  "item_id": "minecraft:golden_boots",
  "id": "minecraft:cloth_golden_boots",
  "rarity": {
    "min_rarity": 0,
    "max_rarity": 2
  },
  "misc": {
    "weight": 1000,
    "can_be_salvaged": false
  },
  "unique": {
    "chance_to_become_unique": 0.25,
    "unique_id": ""
  }
}