{
  "item_type": "plate_golden_helmet",
  "item_id": "minecraft:golden_helmet",
  "id": "minecraft:plate_golden_helmet",
  "rarity": {
    "min_rarity": 0,
    "max_rarity": 2
  },
  "misc": {
    "weight": 1000,
    "can_be_salvaged": false
  },
  "unique": {
    "chance_to_become_unique": 0.25,
    "unique_id": ""
  }
}